make[1]: Entering directory '/tmp/src/docs'
Running Sphinx v5.3.0
making output directory... done
loading intersphinx inventory from python-objects.inv...
building [mo]: targets for 0 po files that are out of date
building [man]: all manpages
updating environment: [new config] 12 added, 0 changed, 0 removed
reading sources... [  8%] index
reading sources... [ 16%] man/gendesc
reading sources... [ 25%] man/genhtml
reading sources... [ 33%] man/geninfo
reading sources... [ 41%] man/genpng
reading sources... [ 50%] man/lcov
reading sources... [ 58%] man/lcovrc
reading sources... [ 66%] man/llvm2lcov
reading sources... [ 75%] man/perl2lcov
reading sources... [ 83%] man/py2lcov
reading sources... [ 91%] man/spreadsheet
reading sources... [100%] scripts

looking for now-outdated files... none found
pickling environment... done
checking consistency... done
writing... gendesc.1 { } genhtml.1 { } geninfo.1 { } genpng.1 { } lcov.1 { } lcovrc.5 { } llvm2lcov.1 { } perl2lcov.1 { } py2lcov.1 { } spreadsheet.py.1 { } done
build succeeded.

The manual pages are in _build/man.
Running Sphinx v5.3.0
making output directory... done
loading pickled environment... done
loading intersphinx inventory from python-objects.inv...
building [mo]: targets for 0 po files that are out of date
building [html]: targets for 12 source files that are out of date
updating environment: 0 added, 0 changed, 0 removed
looking for now-outdated files... none found
preparing documents... done
writing output... [  8%] index
writing output... [ 16%] man/gendesc
writing output... [ 25%] man/genhtml
writing output... [ 33%] man/geninfo
writing output... [ 41%] man/genpng
writing output... [ 50%] man/lcov
writing output... [ 58%] man/lcovrc
writing output... [ 66%] man/llvm2lcov
writing output... [ 75%] man/perl2lcov
writing output... [ 83%] man/py2lcov
writing output... [ 91%] man/spreadsheet
writing output... [100%] scripts

generating indices... genindex done
writing additional pages... search done
copying static files... done
copying extra files... done
dumping search index in English (code: en)... done
dumping object inventory... done
build succeeded.

The HTML pages are in _build/html.
make[1]: Leaving directory '/tmp/src/docs'
