make[1]: Entering directory '/tmp/src/docs'
Running Sphinx v5.3.0
loading pickled environment... done
loading intersphinx inventory from python-objects.inv...
building [mo]: targets for 0 po files that are out of date
building [man]: all manpages
updating environment: 0 added, 0 changed, 0 removed
looking for now-outdated files... none found
writing... gendesc.1 { } genhtml.1 { } geninfo.1 { } genpng.1 { } lcov.1 { } lcovrc.5 { } llvm2lcov.1 { } perl2lcov.1 { } py2lcov.1 { } spreadsheet.py.1 { } done
build succeeded.

The manual pages are in _build/man.
Running Sphinx v5.3.0
loading pickled environment... done
loading intersphinx inventory from python-objects.inv...
building [mo]: targets for 0 po files that are out of date
building [html]: targets for 0 source files that are out of date
updating environment: 0 added, 0 changed, 0 removed
looking for now-outdated files... none found
no targets are out of date.
build succeeded.

The HTML pages are in _build/html.
make[1]: Leaving directory '/tmp/src/docs'
  INSTALL /tmp/destdir-uninst/usr/local/bin/lcov
  INSTALL /tmp/destdir-uninst/usr/local/bin/genhtml
  INSTALL /tmp/destdir-uninst/usr/local/bin/geninfo
  INSTALL /tmp/destdir-uninst/usr/local/bin/genpng
  INSTALL /tmp/destdir-uninst/usr/local/bin/gendesc
  INSTALL /tmp/destdir-uninst/usr/local/bin/perl2lcov
  INSTALL /tmp/destdir-uninst/usr/local/bin/py2lcov
  INSTALL /tmp/destdir-uninst/usr/local/bin/xml2lcov
  INSTALL /tmp/destdir-uninst/usr/local/bin/xml2lcovutil.py
  INSTALL /tmp/destdir-uninst/usr/local/bin/llvm2lcov
  INSTALL /tmp/destdir-uninst/usr/local/share/lcov/support-scripts/P4version.pm
  INSTALL /tmp/destdir-uninst/usr/local/share/lcov/support-scripts/analyzeInfoFiles
  INSTALL /tmp/destdir-uninst/usr/local/share/lcov/support-scripts/annotateutil.pm
  INSTALL /tmp/destdir-uninst/usr/local/share/lcov/support-scripts/batchGitVersion.pm
  INSTALL /tmp/destdir-uninst/usr/local/share/lcov/support-scripts/context.pm
  INSTALL /tmp/destdir-uninst/usr/local/share/lcov/support-scripts/criteria
  INSTALL /tmp/destdir-uninst/usr/local/share/lcov/support-scripts/criteria.pm
  INSTALL /tmp/destdir-uninst/usr/local/share/lcov/support-scripts/get_signature
  INSTALL /tmp/destdir-uninst/usr/local/share/lcov/support-scripts/getp4version
  INSTALL /tmp/destdir-uninst/usr/local/share/lcov/support-scripts/gitblame
  INSTALL /tmp/destdir-uninst/usr/local/share/lcov/support-scripts/gitblame.pm
  INSTALL /tmp/destdir-uninst/usr/local/share/lcov/support-scripts/gitdiff
  INSTALL /tmp/destdir-uninst/usr/local/share/lcov/support-scripts/gitversion
  INSTALL /tmp/destdir-uninst/usr/local/share/lcov/support-scripts/gitversion.pm
  INSTALL /tmp/destdir-uninst/usr/local/share/lcov/support-scripts/history.pm
  INSTALL /tmp/destdir-uninst/usr/local/share/lcov/support-scripts/p4annotate
  INSTALL /tmp/destdir-uninst/usr/local/share/lcov/support-scripts/p4annotate.pm
  INSTALL /tmp/destdir-uninst/usr/local/share/lcov/support-scripts/p4udiff
  INSTALL /tmp/destdir-uninst/usr/local/share/lcov/support-scripts/select.pm
  INSTALL /tmp/destdir-uninst/usr/local/share/lcov/support-scripts/simplify.pm
  INSTALL /tmp/destdir-uninst/usr/local/share/lcov/support-scripts/spreadsheet.py
  INSTALL /tmp/destdir-uninst/usr/local/share/lcov/support-scripts/threshold.pm
  INSTALL /tmp/destdir-uninst/usr/local/share/lcov/support-scripts/unreach.pm
  INSTALL /tmp/destdir-uninst/usr/local/lib/lcov/lcovutil.pm
  INSTALL /tmp/destdir-uninst/usr/local/share/man/man1/gendesc.1
  INSTALL /tmp/destdir-uninst/usr/local/share/man/man1/genhtml.1
  INSTALL /tmp/destdir-uninst/usr/local/share/man/man1/geninfo.1
  INSTALL /tmp/destdir-uninst/usr/local/share/man/man1/genpng.1
  INSTALL /tmp/destdir-uninst/usr/local/share/man/man1/lcov.1
  INSTALL /tmp/destdir-uninst/usr/local/share/man/man1/llvm2lcov.1
  INSTALL /tmp/destdir-uninst/usr/local/share/man/man1/perl2lcov.1
  INSTALL /tmp/destdir-uninst/usr/local/share/man/man1/py2lcov.1
  INSTALL /tmp/destdir-uninst/usr/local/share/man/man1/spreadsheet.py.1
  INSTALL /tmp/destdir-uninst/usr/local/share/man/man5/lcovrc.5
make[1]: Entering directory '/tmp/src/example'
/bin/sh: 1: Syntax error: redirection unexpected
  CLEAN   lcov/example
make[1]: Leaving directory '/tmp/src/example'
make[1]: Entering directory '/tmp/src/tests'
  CLEAN   lcov/tests
make[1]: Leaving directory '/tmp/src/tests'
  INSTALL /tmp/destdir-uninst/usr/local/etc/lcovrc
  done INSTALL
